#-----------------------------------------------------------
# Vivado v2017.3 (64-bit)
# SW Build 2018833 on Wed Oct  4 19:58:22 MDT 2017
# IP Build 2016188 on Wed Oct  4 21:52:56 MDT 2017
# Start of session at: Fri Jan  5 11:03:50 2018
# Process ID: 6448
# Current directory: D:/~RayCiel/Study/Computer Architecture/CPUtask/src
# Command line: vivado.exe -gui_launcher_event rodinguilauncherevent27580 D:\~RayCiel\Study\Computer Architecture\CPUtask\src\CPU.xpr
# Log file: D:/~RayCiel/Study/Computer Architecture/CPUtask/src/vivado.log
# Journal file: D:/~RayCiel/Study/Computer Architecture/CPUtask/src\vivado.jou
#-----------------------------------------------------------
start_gui
open_project {D:/~RayCiel/Study/Computer Architecture/CPUtask/src/CPU.xpr}
launch_simulation
source openmips_min_sopc_tb.tcl
open_wave_config {D:/~RayCiel/Study/Computer Architecture/CPUtask/src/openmips_min_sopc_tb_behav.wcfg}
relaunch_sim
relaunch_sim
relaunch_sim
relaunch_sim
relaunch_sim
relaunch_sim
relaunch_sim
relaunch_sim
relaunch_sim
relaunch_sim
relaunch_sim
relaunch_sim
relaunch_sim
